一、性能的定义

1. 吞吐量
2. 延迟
3. 资源利用率

二、性能测试

1. tcpdump + tcpcopy

 ```
  1. 录制流量
  tcpdump -i eth0 tcp and port 80 -s 0 -w traffic.pcap
  2. 准备环境过滤写
  3. tcpcopy
  tcpcopy -i traffic.pcap -x 80-10.1.1.x:80
 ```
2. jmeter

三、定位性能问题

1. 应用
1.1 QPS
1.2 响应时间
1.3 成功率

2. 系统
2.1 CPU
```
使用率负载
top -Hb -n 1 | head -n20
```
2.2 内存
2.3 磁盘
```
2.3.1 df -h
iowait
io 吞吐
dd if=dev/xx.file bs=10M count=1
```
2.4 网络
```
netstat -tn
Recv-Q Send-Q
netstat -s | grep 'retrans'
```
```
dstat -lcdngy
```

3. jvm
3.1 stack trace
3.2 GC
```
jstat -gc 22514 1s 10
 S0C    S1C    S0U    S1U      EC       EU        OC         OU       MC     MU    CCSC   CCSU   YGC     YGCT    FGC    FGCT     GCT   
4608.0 512.0   0.0    32.0  54272.0   7899.2   171008.0    2792.2   10752.0 10422.6 1280.0 1168.4     13    0.051   0      0.000    0.051
4608.0 512.0   0.0    32.0  54272.0   7899.2   171008.0    2792.2   10752.0 10422.6 1280.0 1168.4     13    0.051   0      0.000    0.051
4608.0 512.0   0.0    32.0  54272.0   7899.2   171008.0    2792.2   10752.0 10422.6 1280.0 1168.4     13    0.051   0      0.000    0.051

$ jmap -histo 22514 | head -n20

 num     #instances         #bytes  class name
----------------------------------------------
   1:        121564        2917536  java.util.ArrayList
   2:        123233        2051336  [Ljava.lang.Object;
   3:          1206        2006256  [I
   4:         60720        1457280  java.lang.Long
   5:          8220         619616  [C
   6:          2894         575968  [B
   7:          1973         222968  java.lang.Class
   8:          8084         194016  java.lang.String
   9:          2788          89216  java.util.HashMap$Node
  10:          1257          60336  java.util.HashMap
  11:           716          53608  [Ljava.util.HashMap$Node;
  12:          1564          50048  java.util.concurrent.ConcurrentHashMap$Node
  13:           539          47432  java.lang.reflect.Method
  14:           502          36144  org.apache.zookeeper.server.Request
  15:           422          30384  org.apache.zookeeper.data.StatPersisted
  16:           509          24432  java.nio.HeapByteBuffer
  17:           501          24048  org.apache.zookeeper.txn.TxnHeader
```
3.3 内存分布 jvm dump

4. Jprofiler

四、调优

1. 优化业务代码
2. 代码+数据结构
3. 面向GC编程
4. 面向硬件- 缓存行填充
